1    1
2    0
3    0
4    0
5    0
6    0
7    4
8    4
9    4
10    4
11    3
12    2
13    2
14    1
15    1
16    2
17    0
18    1
19    2
20    0
21    1
22    1
23    1
24    0
25    0
26    0
27    1
28    3
29    14
30    4
31    2
32    2
33    3
34    1
35    1
36    2
37    1
38    1
39    3
40    1
41    2
42    1
43    3
44    1
45    1
46    4
47    5
48    4
49    8
50    6
51    3
52    6
53    9
54    3
55    7
56    11
57    4
58    5
59    7
60    6
61    5
62    8
63    3
64    7
65    6
66    7
67    7
68    5
69    5
70    8
71    6
72    7
73    10
74    9
75    10
76    6
77    10
78    11
79    7
80    7
81    8
82    8
83    9
84    9
85    11
86    8
87    10
88    7
89    11
90    12
91    4
92    9
93    13
94    12
95    13
96    4
97    4
98    12
99    10
100    4
101    9
102    7
103    7
104    3
105    3
106    0
107    4
108    2
109    4
110    2
111    1
112    1
113    0
114    1
115    1
116    0
117    2
118    0
119    0
120    0
121    0
122    0
123    1
124    1
125    0
126    1
127    0
128    0
129    0
130    0
131    2
132    0
133    0
134    0
135    1
136    1
137    0
138    2
139    0
140    2
141    0
142    2
143    4
144    1
145    1
146    0
147    3
148    2
149    0
150    2
151    0
152    3
153    2
154    0
155    3
156    3
157    3
158    2
159    3
160    3
161    2
162    3
163    3
164    2
165    4
166    3
167    9
168    5
169    7
170    5
171    2
172    6
173    4
174    6
175    6
176    4
177    4
178    6
179    1
180    1
181    2
182    1
183    1
184    0
185    0
186    0
187    3
188    1
189    0
190    1
191    0
192    0
193    0
194    0
195    0
196    1
197    0
198    1
199    1
200    0
201    1
202    2
203    2
204    4
205    2
206    2
207    0
208    2
209    0
210    2
211    0
212    0
213    2
214    1
215    0
216    0
217    1
218    0
219    2
220    0
221    0
222    0
223    1
224    0
225    0
226    0
227    0
228    1
229    1
230    2
231    2
232    1
233    0
234    3
235    0
236    1
237    0
238    0
239    1
240    1
241    1
242    1
243    0
244    4
245    0
246    2
247    2
248    2
249    1
250    2
251    0
252    1
253    0
254    1
255    0
256    0
257    1
258    0
259    0
260    0
261    0
262    1
263    0
264    2
265    0
266    1
267    0
268    0
269    0
270    1
271    0
272    0
273    1
274    0
275    0
276    0
277    0
278    0
279    0
280    1
281    0
282    0
283    0
284    0
285    0
286    0
287    0
288    1
289    0
290    0
291    0
292    0
293    0
294    0
295    1
296    0
297    0
298    0
299    0
300    0
301    0
302    0
303    2
304    0
