1    0
2    1.8e-05
3    9e-06
4    1.1e-05
5    2.2e-05
6    1.4e-05
7    1.3e-05
8    1e-05
9    9e-06
10    8e-06
11    7e-06
12    9e-06
13    6e-06
14    1e-05
15    9e-06
16    6e-06
17    1.2e-05
18    8e-06
19    9e-06
20    1.2e-05
21    1.1e-05
22    1.3e-05
23    7e-06
24    1.3e-05
25    1.3e-05
26    1.1e-05
27    1.3e-05
28    1e-05
29    0.000103
30    2.8e-05
31    4.5e-05
32    2.6e-05
33    3.2e-05
34    2.4e-05
35    2.5e-05
36    2.3e-05
37    2.4e-05
38    6.5e-05
39    2.1e-05
40    5.8e-05
41    2.7e-05
42    2.7e-05
43    3.7e-05
44    2.1e-05
45    2.5e-05
46    2.3e-05
47    2.4e-05
48    4.4e-05
49    2.5e-05
50    1.9e-05
51    0.000101
52    2.8e-05
53    2.7e-05
54    2.3e-05
55    1.5e-05
56    2e-05
57    1.6e-05
58    1.7e-05
59    1.1e-05
60    1.2e-05
61    1.3e-05
62    1.6e-05
63    1.2e-05
64    1.2e-05
65    1.1e-05
66    1.3e-05
67    1.3e-05
68    1.1e-05
69    1.5e-05
70    1e-05
71    6e-06
72    6e-06
73    6e-06
74    5e-06
75    5e-06
76    4e-06
77    1.2e-05
78    0
79    5e-06
80    4e-06
81    4e-06
82    4e-06
83    6e-06
84    9e-06
85    8e-06
86    7e-06
87    9e-06
88    7e-06
89    1.6e-05
90    1.2e-05
91    1.2e-05
92    8e-06
93    1.4e-05
94    7e-06
95    1.2e-05
96    3e-06
97    1.2e-05
98    1.1e-05
99    1.3e-05
100    1.9e-05
101    2.5e-05
102    3.3e-05
103    3.5e-05
104    3.5e-05
105    4.1e-05
106    3.5e-05
107    6.6e-05
108    6.3e-05
109    6.9e-05
110    5.9e-05
111    0.000101
112    6.1e-05
113    7.7e-05
114    5e-05
115    6e-05
116    5.3e-05
117    4.4e-05
118    3.4e-05
119    4e-05
120    3.1e-05
121    2.8e-05
122    3.4e-05
123    2.4e-05
124    1.6e-05
125    1.9e-05
126    3.1e-05
127    1.1e-05
128    8e-06
129    8e-06
130    7e-06
131    7e-06
132    9e-06
133    8e-06
134    8e-06
135    6e-06
136    8e-06
137    1e-05
138    1.2e-05
139    9e-06
140    7e-06
141    5e-06
142    7e-06
143    4e-06
144    8e-06
145    4e-06
146    9e-06
147    3e-06
148    6e-06
149    5e-06
150    7e-06
151    4e-06
152    7e-06
153    4e-06
154    8e-06
155    4e-06
156    1.9e-05
157    2.3e-05
158    1.7e-05
159    1e-05
160    9e-06
161    1.2e-05
162    7e-06
163    1e-05
164    8e-06
165    5e-06
166    1e-05
167    3.5e-05
168    1.5e-05
169    1.3e-05
170    3.1e-05
171    2.1e-05
172    2e-05
173    2.3e-05
174    1.4e-05
175    2.4e-05
176    1.7e-05
177    2.3e-05
178    1.4e-05
179    1.6e-05
180    2.3e-05
181    1.1e-05
182    1.7e-05
183    7e-06
184    1.2e-05
185    1.9e-05
186    2e-05
187    1.6e-05
188    2.7e-05
189    1.6e-05
190    1.6e-05
191    1.1e-05
192    5e-06
193    8e-06
194    5e-06
195    4e-06
196    3e-06
197    5e-06
198    8e-06
199    8e-06
200    5e-06
201    7e-06
202    1e-05
203    1.3e-05
204    1.1e-05
205    7e-06
206    6e-06
207    1.4e-05
208    1.8e-05
209    2.6e-05
210    2.5e-05
211    1.2e-05
212    7e-06
213    1e-05
214    1.2e-05
215    7e-06
216    1.3e-05
217    9e-06
218    8e-06
219    1.2e-05
220    1.3e-05
221    1.7e-05
222    4e-06
223    5e-06
224    9e-06
225    1.3e-05
226    6e-06
227    1e-05
228    9e-06
229    1.5e-05
230    1e-05
231    9e-06
232    1.1e-05
233    0
234    4e-06
235    5e-06
236    8e-06
237    8e-06
238    5e-06
239    4e-06
240    0
241    0
242    8e-06
243    1.2e-05
244    0
245    8e-06
246    7e-06
247    8e-06
248    9e-06
249    1.1e-05
250    7e-06
251    1.5e-05
252    0
253    1.8e-05
254    7e-06
255    6e-06
256    5e-06
257    7e-06
258    5e-06
259    1.1e-05
260    2.6e-05
261    1e-05
262    9e-06
263    4e-06
264    1e-05
265    1.2e-05
266    6e-06
267    5e-06
268    0
269    0
270    5e-06
271    5e-06
272    0
273    7e-06
274    6e-06
275    5e-06
276    5e-06
277    0
278    0
279    0
280    6e-06
281    1e-05
282    9e-06
283    5e-06
284    7e-06
285    1e-05
286    2.6e-05
287    1e-05
288    5e-06
289    5e-06
290    1.3e-05
291    6e-06
292    6e-06
293    5e-06
294    1.3e-05
295    1.2e-05
296    1.8e-05
297    0
298    5e-06
299    2.1e-05
300    0
301    0
302    2.2e-05
303    6e-06
304    9e-06
