1    0.001926
2    0.003858
3    0.003761
4    0.003841
5    0.00398
6    0.004489
7    0.004964
8    0.005115
9    0.005332
10    0.005011
11    0.005079
12    0.005224
13    0.004953
14    0.005217
15    0.005002
16    0.005674
17    0.005306
18    0.005266
19    0.005559
20    0.005102
21    0.005034
22    0.005147
23    0.005172
24    0.004921
25    0.005257
26    0.005121
27    0.005965
28    0.005304
29    0.005752
30    0.005355
31    0.006135
32    0.005333
33    0.006417
34    0.005325
35    0.00558
36    0.005242
37    0.005326
38    0.005667
39    0.005299
40    0.005475
41    0.00528
42    0.00539
43    0.005253
44    0.006061
45    0.005389
46    0.005196
47    0.005333
48    0.005362
49    0.005926
50    0.005481
51    0.005734
52    0.006052
53    0.006152
54    0.005837
55    0.005269
56    0.005218
57    0.005425
58    0.005367
59    0.005616
60    0.005482
61    0.00515
62    0.005051
63    0.004796
64    0.00484
65    0.005063
66    0.003461
67    0.003577
68    0.003933
69    0.003614
70    0.00373
71    0.003255
72    0.003339
73    0.00343
74    0.003761
75    0.003528
76    0.003618
77    0.003429
78    0.003339
79    0.003792
80    0.004022
81    0.003952
82    0.003665
83    0.003703
84    0.004004
85    0.003743
86    0.0035
87    0.003538
88    0.003734
89    0.004433
90    0.003986
91    0.0035
92    0.003665
93    0.003907
94    0.003463
95    0.003542
96    0.003465
97    0.003623
98    0.003595
99    0.003716
100    0.003559
101    0.003505
102    0.003634
103    0.004016
104    0.003551
105    0.003588
106    0.003614
107    0.003517
108    0.003666
109    0.003547
110    0.003869
111    0.00379
112    0.003764
113    0.004068
114    0.003628
115    0.003631
116    0.003668
117    0.003887
118    0.003903
119    0.003609
120    0.003831
121    0.003593
122    0.003675
123    0.003608
124    0.003624
125    0.003749
126    0.003703
127    0.004143
128    0.00372
129    0.00386
130    0.003713
131    0.003615
132    0.003764
133    0.003551
134    0.003711
135    0.003851
136    0.00398
137    0.003624
138    0.004379
139    0.003642
140    0.003563
141    0.003589
142    0.003567
143    0.003469
144    0.00359
145    0.00381
146    0.00361
147    0.003467
148    0.003789
149    0.003475
150    0.003442
151    0.003537
152    0.003781
153    0.003578
154    0.00372
155    0.004064
156    0.00342
157    0.003541
158    0.00366
159    0.003885
160    0.003644
161    0.003418
162    0.00362
163    0.003511
164    0.003442
165    0.0036
166    0.00363
167    0.00405
168    0.003838
169    0.004205
170    0.003811
171    0.003882
172    0.003987
173    0.004189
174    0.004659
175    0.003944
176    0.004247
177    0.0039
178    0.003881
179    0.003864
180    0.004675
181    0.004184
182    0.004031
183    0.004134
184    0.004009
185    0.0042
186    0.004028
187    0.00443
188    0.004317
189    0.0038
190    0.003798
191    0.004154
192    0.003917
193    0.004122
194    0.004271
195    0.003891
196    0.004196
197    0.00405
198    0.003995
199    0.004048
200    0.004041
201    0.004051
202    0.003958
203    0.004536
204    0.004016
205    0.003819
206    0.004097
207    0.004356
208    0.00431
209    0.004109
210    0.004017
211    0.004198
212    0.004073
213    0.003964
214    0.004166
215    0.004046
216    0.004181
217    0.004692
218    0.004005
219    0.004407
220    0.003946
221    0.003968
222    0.003993
223    0.004119
224    0.004028
225    0.003913
226    0.004012
227    0.00401
228    0.004004
229    0.003939
230    0.004205
231    0.003806
232    0.004012
233    0.004085
234    0.004007
235    0.004237
236    0.004212
237    0.004071
238    0.00415
239    0.004894
240    0.004116
241    0.004342
242    0.004061
243    0.004195
244    0.003913
245    0.003851
246    0.003964
247    0.004311
248    0.004026
249    0.004018
250    0.004045
251    0.004266
252    0.004222
253    0.004795
254    0.004422
255    0.004415
256    0.004044
257    0.004414
258    0.004199
259    0.004136
260    0.004164
261    0.004386
262    0.004612
263    0.004312
264    0.004115
265    0.004061
266    0.004547
267    0.003989
268    0.00434
269    0.004126
270    0.004038
271    0.003969
272    0.003918
273    0.004068
274    0.003954
275    0.004414
276    0.003995
277    0.00453
278    0.004096
279    0.003982
280    0.004047
281    0.004081
282    0.004245
283    0.003922
284    0.004159
285    0.00391
286    0.004066
287    0.004216
288    0.004115
289    0.003933
290    0.004209
291    0.004079
292    0.004172
293    0.004116
294    0.004242
295    0.004244
296    0.004152
297    0.004204
298    0.004109
299    0.004083
300    0.004606
301    0.004118
302    0.004201
303    0.004712
304    0.004167
