1    3e-05
2    0
3    0
4    0
5    0
6    0
7    8.1e-05
8    4.3e-05
9    4.4e-05
10    4.3e-05
11    3.6e-05
12    3.1e-05
13    2.9e-05
14    2e-05
15    1.9e-05
16    2.9e-05
17    0
18    1.9e-05
19    4.4e-05
20    0
21    2e-05
22    2.1e-05
23    2.1e-05
24    0
25    0
26    0
27    2.2e-05
28    0.000121
29    0.000464
30    5e-05
31    3e-05
32    3.9e-05
33    3.8e-05
34    2.1e-05
35    2.1e-05
36    3.1e-05
37    2.1e-05
38    2.3e-05
39    3.5e-05
40    2.7e-05
41    3.1e-05
42    7e-05
43    3.6e-05
44    2.1e-05
45    2.9e-05
46    4.5e-05
47    5.1e-05
48    5e-05
49    6.9e-05
50    6.7e-05
51    5.7e-05
52    6e-05
53    9.5e-05
54    3.9e-05
55    7.7e-05
56    0.0001
57    4.5e-05
58    5.1e-05
59    7.9e-05
60    0.000131
61    5.6e-05
62    9.9e-05
63    3.9e-05
64    8.5e-05
65    7.2e-05
66    8.6e-05
67    8.1e-05
68    5.5e-05
69    6.5e-05
70    9.9e-05
71    0.000131
72    6.7e-05
73    0.00011
74    9.2e-05
75    8.4e-05
76    0.000276
77    8.9e-05
78    9.6e-05
79    7.7e-05
80    0.000135
81    9.7e-05
82    7.2e-05
83    0.000109
84    9.3e-05
85    0.000113
86    0.0001
87    0.00012
88    0.000101
89    0.000175
90    0.000232
91    6.8e-05
92    0.000165
93    0.000176
94    0.000247
95    0.000242
96    0.000137
97    0.00013
98    0.000322
99    0.000272
100    0.000137
101    0.000271
102    0.000345
103    0.000254
104    0.000102
105    9.4e-05
106    0
107    0.000171
108    7.8e-05
109    0.000123
110    0.00011
111    2.1e-05
112    5.5e-05
113    0
114    4.7e-05
115    3.8e-05
116    0
117    0.000145
118    0
119    0
120    0
121    0
122    0
123    2.1e-05
124    7.4e-05
125    0
126    0.000107
127    0
128    0
129    0
130    0
131    0.000109
132    0
133    0
134    0
135    5.4e-05
136    4e-05
137    0
138    0.00011
139    0
140    7.3e-05
141    0
142    5.8e-05
143    0.000161
144    5.5e-05
145    4.4e-05
146    0
147    0.000115
148    6.7e-05
149    0
150    7.9e-05
151    0
152    0.000122
153    0.000141
154    0
155    0.000127
156    0.000123
157    0.000239
158    9.6e-05
159    0.00014
160    0.000117
161    9.1e-05
162    0.000136
163    0.000144
164    7.7e-05
165    0.00016
166    9.9e-05
167    0.000392
168    0.000198
169    0.000268
170    0.000202
171    9.1e-05
172    0.000237
173    0.000226
174    0.000302
175    0.000314
176    0.000228
177    0.000229
178    0.000303
179    4.8e-05
180    5.1e-05
181    0.000129
182    4.8e-05
183    5.1e-05
184    0
185    0
186    0
187    0.000148
188    0.000106
189    0
190    6.2e-05
191    0
192    0
193    0
194    0
195    0
196    0.000113
197    0
198    6.4e-05
199    8e-05
200    0
201    9.2e-05
202    0.00013
203    0.000121
204    0.000259
205    0.000127
206    0.000118
207    0
208    0.000132
209    0
210    0.000109
211    0
212    0
213    0.000106
214    7.2e-05
215    0
216    0
217    5.6e-05
218    0
219    8.2e-05
220    0
221    0
222    0
223    7e-05
224    0
225    0
226    0
227    0
228    5.5e-05
229    5.4e-05
230    0.000126
231    0.000136
232    0.000342
233    0
234    0.00016
235    0
236    5.8e-05
237    0
238    0
239    5.4e-05
240    3.7e-05
241    5.5e-05
242    5.2e-05
243    0
244    0.000226
245    0
246    0.000142
247    0.000192
248    0.000113
249    5.8e-05
250    0.00012
251    0
252    9.4e-05
253    0
254    8.5e-05
255    0
256    0
257    0.000101
258    0
259    0
260    0
261    0
262    0.000336
263    0
264    0.000104
265    0
266    8.6e-05
267    0
268    0
269    0
270    9.3e-05
271    0
272    0
273    8.8e-05
274    0
275    0
276    0
277    0
278    0
279    0
280    5.8e-05
281    0
282    0
283    0
284    0
285    0
286    0
287    0
288    8.4e-05
289    0
290    0
291    0
292    0
293    0
294    0
295    8.3e-05
296    0
297    0
298    0
299    0
300    0
301    0
302    0
303    0.000201
304    0
