1    0.000134
2    0.000198
3    0.000277
4    0.000543
5    0.000549
6    0.000444
7    0.000826
8    0.000649
9    0.000719
10    0.000655
11    0.000536
12    0.000531
13    0.000361
14    0.000464
15    0.000446
16    0.000368
17    0.00039
18    0.000467
19    0.000602
20    0.000375
21    0.000453
22    0.000619
23    0.000404
24    0.000445
25    0.000297
26    0.000379
27    0.000553
28    0.00068
29    0.005114
30    0.001358
31    0.002001
32    0.001581
33    0.001537
34    0.001146
35    0.001309
36    0.001226
37    0.0012
38    0.001217
39    0.001227
40    0.001104
41    0.001551
42    0.001074
43    0.001272
44    0.000999
45    0.001196
46    0.001299
47    0.001562
48    0.001554
49    0.00167
50    0.001409
51    0.004144
52    0.0016
53    0.001813
54    0.001204
55    0.00126
56    0.002232
57    0.000915
58    0.001085
59    0.001062
60    0.001014
61    0.000967
62    0.001207
63    0.000751
64    0.001091
65    0.000963
66    0.001026
67    0.000995
68    0.000798
69    0.000972
70    0.000956
71    0.00071
72    0.0008
73    0.001152
74    0.000967
75    0.000998
76    0.000965
77    0.001237
78    0.000939
79    0.000711
80    0.000787
81    0.000826
82    0.000808
83    0.001277
84    0.001142
85    0.001121
86    0.001148
87    0.001327
88    0.000839
89    0.001396
90    0.001605
91    0.000834
92    0.001065
93    0.001671
94    0.001229
95    0.001426
96    0.000459
97    0.000729
98    0.001375
99    0.001214
100    0.000821
101    0.001574
102    0.001416
103    0.001715
104    0.001343
105    0.001732
106    0.001138
107    0.002401
108    0.002372
109    0.002728
110    0.002146
111    0.002809
112    0.002485
113    0.00261
114    0.001862
115    0.002395
116    0.001908
117    0.001928
118    0.001366
119    0.001495
120    0.001148
121    0.001144
122    0.000892
123    0.000989
124    0.000632
125    0.000606
126    0.001174
127    0.000306
128    0.000213
129    0.000216
130    0.00021
131    0.000412
132    0.000222
133    0.000213
134    0.000216
135    0.000311
136    0.000322
137    0.000255
138    0.000502
139    0.000222
140    0.000406
141    0.00011
142    0.000412
143    0.000475
144    0.000311
145    0.000211
146    0.000232
147    0.000375
148    0.000423
149    0.000109
150    0.000388
151    0.000109
152    0.00047
153    0.0003
154    0.000216
155    0.000391
156    0.000809
157    0.000992
158    0.000783
159    0.000607
160    0.000589
161    0.000559
162    0.000467
163    0.000762
164    0.00038
165    0.000449
166    0.000561
167    0.001761
168    0.000909
169    0.000969
170    0.001023
171    0.000812
172    0.000904
173    0.000917
174    0.000959
175    0.001201
176    0.000966
177    0.001082
178    0.000937
179    0.000613
180    0.000743
181    0.000502
182    0.000607
183    0.000294
184    0.000388
185    0.000496
186    0.000489
187    0.000608
188    0.000865
189    0.000379
190    0.000462
191    0.000398
192    0.000114
193    0.000218
194    0.000123
195    0.000116
196    0.000206
197    0.000121
198    0.000299
199    0.000295
200    0.00011
201    0.00032
202    0.000508
203    0.000596
204    0.000706
205    0.000377
206    0.000419
207    0.000367
208    0.000504
209    0.000391
210    0.000568
211    0.000312
212    0.000203
213    0.000483
214    0.000471
215    0.000207
216    0.000396
217    0.000424
218    0.000204
219    0.000526
220    0.000378
221    0.000201
222    0.000123
223    0.000349
224    0.000204
225    0.000294
226    0.000124
227    0.00034
228    0.000313
229    0.000393
230    0.00037
231    0.000378
232    0.000331
233    0
234    0.000383
235    0.000112
236    0.000306
237    0.000117
238    0.000117
239    0.000207
240    0.000107
241    0.000115
242    0.000206
243    0.000251
244    0.000391
245    0.000125
246    0.000299
247    0.000395
248    0.000386
249    0.000301
250    0.000302
251    0.00033
252    0.000111
253    0.000797
254    0.000219
255    0.000118
256    0.000112
257    0.000372
258    0.000105
259    0.000213
260    0.000493
261    0.00029
262    0.000241
263    0.000109
264    0.000393
265    0.000283
266    0.000238
267    0.000113
268    0
269    0
270    0.00021
271    0.00012
272    0
273    0.0002
274    0.000112
275    0.000123
276    0.000112
277    0
278    0
279    0
280    0.000256
281    0.000206
282    0.000213
283    0.000125
284    0.000197
285    0.000198
286    0.000338
287    0.000207
288    0.000219
289    0.00011
290    0.00032
291    0.000109
292    0.000108
293    0.000113
294    0.000227
295    0.000315
296    0.000411
297    0
298    0.000116
299    0.000582
300    0
301    0
302    0.000376
303    0.000327
304    0.000215
