1    5169
2    5168
3    5167
4    5164
5    5164
6    5165
7    5163
8    5163
9    5162
10    5163
11    5164
12    5164
13    5166
14    5165
15    5165
16    5166
17    5166
18    5165
19    5165
20    5166
21    5165
22    5164
23    5166
24    5165
25    5167
26    5166
27    5164
28    5163
29    5111
30    5155
31    5155
32    5155
33    5153
34    5157
35    5157
36    5156
37    5157
38    5157
39    5156
40    5158
41    5156
42    5158
43    5157
44    5159
45    5158
46    5155
47    5154
48    5155
49    5151
50    5155
51    5128
52    5153
53    5150
54    5157
55    5156
56    5150
57    5160
58    5160
59    5158
60    5159
61    5160
62    5157
63    5162
64    5158
65    5159
66    5158
67    5159
68    5161
69    5159
70    5159
71    5162
72    5161
73    5158
74    5159
75    5158
76    5163
77    5156
78    5159
79    5162
80    5162
81    5161
82    5161
83    5159
84    5159
85    5157
86    5159
87    5157
88    5161
89    5155
90    5153
91    5161
92    5158
93    5152
94    5156
95    5154
96    5165
97    5162
98    5154
99    5156
100    5161
101    5152
102    5155
103    5151
104    5155
105    5150
106    5157
107    5142
108    5146
109    5138
110    5146
111    5141
112    5145
113    5141
114    5148
115    5145
116    5148
117    5149
118    5155
119    5153
120    5157
121    5159
122    5160
123    5159
124    5163
125    5164
126    5158
127    5167
128    5168
129    5168
130    5168
131    5166
132    5168
133    5168
134    5168
135    5167
136    5167
137    5168
138    5165
139    5168
140    5166
141    5169
142    5166
143    5165
144    5167
145    5168
146    5168
147    5166
148    5166
149    5169
150    5166
151    5169
152    5165
153    5167
154    5168
155    5166
156    5161
157    5160
158    5162
159    5164
160    5164
161    5164
162    5165
163    5165
164    5166
165    5165
166    5164
167    5150
168    5160
169    5159
170    5160
171    5161
172    5160
173    5160
174    5160
175    5157
176    5160
177    5160
178    5160
179    5163
180    5162
181    5165
182    5164
183    5167
184    5166
185    5165
186    5165
187    5164
188    5161
189    5166
190    5165
191    5166
192    5169
193    5168
194    5169
195    5169
196    5168
197    5169
198    5167
199    5167
200    5169
201    5167
202    5165
203    5164
204    5163
205    5166
206    5166
207    5167
208    5165
209    5166
210    5164
211    5167
212    5168
213    5165
214    5166
215    5168
216    5166
217    5166
218    5168
219    5165
220    5166
221    5168
222    5169
223    5168
224    5168
225    5167
226    5169
227    5167
228    5167
229    5166
230    5166
231    5166
232    5167
233    5170
234    5166
235    5169
236    5167
237    5169
238    5169
239    5168
240    5169
241    5169
242    5168
243    5168
244    5166
245    5169
246    5167
247    5166
248    5166
249    5167
250    5167
251    5167
252    5169
253    5167
254    5168
255    5169
256    5169
257    5167
258    5169
259    5168
260    5165
261    5167
262    5168
263    5169
264    5166
265    5167
266    5168
267    5169
268    5170
269    5170
270    5168
271    5169
272    5170
273    5168
274    5169
275    5169
276    5169
277    5170
278    5170
279    5170
280    5168
281    5168
282    5168
283    5169
284    5168
285    5168
286    5167
287    5168
288    5168
289    5169
290    5167
291    5169
292    5169
293    5169
294    5168
295    5167
296    5166
297    5170
298    5169
299    5166
300    5170
301    5170
302    5167
303    5167
304    5168
