1    0
2    2
3    3
4    6
5    6
6    5
7    3
8    3
9    4
10    3
11    3
12    4
13    2
14    4
15    4
16    2
17    4
18    4
19    3
20    4
21    4
22    5
23    3
24    5
25    3
26    4
27    5
28    4
29    45
30    11
31    13
32    13
33    14
34    12
35    12
36    12
37    12
38    12
39    11
40    11
41    12
42    11
43    10
44    10
45    11
46    11
47    11
48    11
49    11
50    9
51    39
52    11
53    11
54    10
55    7
56    9
57    6
58    5
59    5
60    5
61    5
62    5
63    5
64    5
65    5
66    5
67    4
68    4
69    6
70    3
71    2
72    2
73    2
74    2
75    2
76    1
77    4
78    0
79    1
80    1
81    1
82    1
83    2
84    2
85    2
86    3
87    3
88    2
89    4
90    5
91    5
92    3
93    5
94    2
95    3
96    1
97    4
98    4
99    4
100    5
101    9
102    8
103    12
104    12
105    17
106    13
107    24
108    22
109    28
110    22
111    28
112    24
113    29
114    21
115    24
116    22
117    19
118    15
119    17
120    13
121    11
122    10
123    10
124    6
125    6
126    11
127    3
128    2
129    2
130    2
131    2
132    2
133    2
134    2
135    2
136    2
137    2
138    3
139    2
140    2
141    1
142    2
143    1
144    2
145    1
146    2
147    1
148    2
149    1
150    2
151    1
152    2
153    1
154    2
155    1
156    6
157    7
158    6
159    3
160    3
161    4
162    2
163    2
164    2
165    1
166    3
167    11
168    5
169    4
170    5
171    7
172    4
173    6
174    4
175    7
176    6
177    6
178    4
179    6
180    7
181    3
182    5
183    2
184    4
185    5
186    5
187    3
188    8
189    4
190    4
191    4
192    1
193    2
194    1
195    1
196    1
197    1
198    2
199    2
200    1
201    2
202    3
203    4
204    3
205    2
206    2
207    3
208    3
209    4
210    4
211    3
212    2
213    3
214    3
215    2
216    4
217    3
218    2
219    3
220    4
221    2
222    1
223    1
224    2
225    3
226    1
227    3
228    2
229    3
230    2
231    2
232    2
233    0
234    1
235    1
236    2
237    1
238    1
239    1
240    0
241    0
242    1
243    2
244    0
245    1
246    1
247    2
248    2
249    2
250    1
251    3
252    0
253    3
254    1
255    1
256    1
257    2
258    1
259    2
260    5
261    3
262    1
263    1
264    2
265    3
266    1
267    1
268    0
269    0
270    1
271    1
272    0
273    1
274    1
275    1
276    1
277    0
278    0
279    0
280    1
281    2
282    2
283    1
284    2
285    2
286    3
287    2
288    1
289    1
290    3
291    1
292    1
293    1
294    2
295    2
296    4
297    0
298    1
299    4
300    0
301    0
302    3
303    1
304    2
