1    3
2    10
3    7
4    11
5    10
6    11
7    12
8    12
9    13
10    12
11    13
12    15
13    13
14    17
15    17
16    13
17    20
18    17
19    15
20    20
21    17
22    18
23    17
24    21
25    21
26    21
27    18
28    16
29    15
30    16
31    18
32    18
33    17
34    19
35    19
36    18
37    18
38    19
39    17
40    19
41    17
42    20
43    16
44    18
45    18
46    16
47    15
48    16
49    14
50    14
51    16
52    15
53    14
54    16
55    13
56    12
57    14
58    13
59    12
60    14
61    13
62    11
63    15
64    12
65    13
66    12
67    11
68    12
69    14
70    10
71    11
72    9
73    9
74    9
75    8
76    10
77    10
78    6
79    7
80    7
81    8
82    7
83    8
84    8
85    8
86    10
87    10
88    10
89    11
90    12
91    14
92    11
93    10
94    10
95    10
96    14
97    16
98    14
99    14
100    15
101    15
102    16
103    15
104    14
105    15
106    14
107    15
108    15
109    15
110    15
111    15
112    15
113    16
114    15
115    16
116    16
117    16
118    15
119    16
120    15
121    17
122    16
123    16
124    16
125    19
126    19
127    19
128    20
129    20
130    20
131    17
132    20
133    20
134    20
135    18
136    17
137    20
138    18
139    20
140    16
141    21
142    15
143    16
144    18
145    17
146    20
147    15
148    15
149    21
150    17
151    21
152    16
153    17
154    20
155    16
156    17
157    16
158    17
159    17
160    17
161    17
162    16
163    14
164    15
165    14
166    14
167    16
168    16
169    15
170    15
171    16
172    15
173    15
174    16
175    16
176    16
177    16
178    16
179    15
180    16
181    17
182    15
183    16
184    16
185    16
186    16
187    16
188    17
189    17
190    16
191    16
192    20
193    20
194    20
195    20
196    18
197    20
198    17
199    18
200    20
201    19
202    19
203    17
204    18
205    19
206    18
207    19
208    17
209    17
210    17
211    18
212    20
213    17
214    18
215    20
216    20
217    19
218    20
219    16
220    18
221    15
222    21
223    15
224    18
225    18
226    21
227    19
228    18
229    19
230    16
231    17
232    16
234    15
235    15
236    16
237    15
238    15
239    18
240    11
241    15
242    15
243    15
244    17
245    15
246    17
247    18
248    16
249    15
250    15
251    17
252    21
253    19
254    17
255    17
256    15
257    17
258    15
259    17
260    17
261    15
262    17
263    15
264    16
265    18
266    19
267    18
270    21
271    20
273    19
274    17
275    17
276    18
280    18
281    22
282    21
283    23
284    23
285    19
286    20
287    23
288    21
289    24
290    22
291    23
292    23
293    24
294    22
295    20
296    20
298    24
299    20
302    20
303    20
304    19
