1    1
2    1
3    1
4    1
5    1
6    1
7    5
8    9
9    13
10    17
11    20
12    22
13    24
14    25
15    26
16    28
17    28
18    29
19    31
20    31
21    32
22    33
23    34
24    34
25    34
26    34
27    35
28    37
29    51
30    55
31    57
32    59
33    62
34    63
35    64
36    66
37    67
38    68
39    71
40    72
41    74
42    75
43    78
44    79
45    80
46    84
47    89
48    93
49    101
50    107
51    110
52    116
53    125
54    128
55    135
56    146
57    150
58    155
59    162
60    168
61    173
62    181
63    184
64    191
65    197
66    204
67    211
68    215
69    220
70    228
71    234
72    241
73    251
74    260
75    270
76    275
77    285
78    296
79    303
80    310
81    318
82    326
83    335
84    344
85    355
86    363
87    373
88    380
89    391
90    403
91    407
92    416
93    429
94    441
95    454
96    458
97    462
98    474
99    484
100    488
101    497
102    504
103    511
104    514
105    517
106    517
107    521
108    523
109    527
110    529
111    530
112    531
113    531
114    532
115    533
116    533
117    535
118    535
119    535
120    535
121    535
122    535
123    536
124    537
125    536
126    537
127    537
128    537
129    537
130    537
131    539
132    539
133    539
134    539
135    540
136    541
137    541
138    543
139    543
140    545
141    545
142    547
143    551
144    552
145    553
146    553
147    556
148    558
149    558
150    560
151    560
152    563
153    565
154    565
155    568
156    571
157    574
158    576
159    579
160    582
161    584
162    587
163    590
164    592
165    596
166    599
167    608
168    613
169    620
170    625
171    627
172    633
173    637
174    643
175    649
176    653
177    657
178    663
179    664
180    665
181    667
182    668
183    669
184    669
185    669
186    669
187    672
188    673
189    673
190    674
191    674
192    674
193    674
194    674
195    674
196    675
197    675
198    676
199    677
200    677
201    678
202    680
203    682
204    686
205    688
206    690
207    690
208    692
209    692
210    694
211    694
212    694
213    696
214    697
215    697
216    697
217    698
218    698
219    700
220    700
221    700
222    700
223    701
224    701
225    701
226    701
227    701
228    702
229    703
230    705
231    707
232    708
233    708
234    711
235    711
236    712
237    712
238    712
239    713
240    714
241    715
242    716
243    716
244    720
245    720
246    722
247    724
248    726
249    727
250    729
251    729
252    730
253    730
254    731
255    731
256    731
257    732
258    732
259    732
260    732
261    732
262    733
263    733
264    735
265    735
266    736
267    736
268    736
269    736
270    737
271    737
272    737
273    738
274    738
275    738
276    738
277    738
278    738
279    738
280    739
281    739
282    739
283    739
284    739
285    739
286    739
287    739
288    740
289    740
290    740
291    740
292    740
293    740
294    740
295    741
296    741
297    741
298    741
299    741
300    741
301    741
302    741
303    743
304    743
